running 7200 of 7200 units on 20 workers -> sweep_raw_4f08f48ac35c.jsonl
  500/7200  17s  errors=0
  1000/7200  50s  errors=0
  1500/7200  96s  errors=0
  2000/7200  113s  errors=0
  2500/7200  145s  errors=0
  3000/7200  189s  errors=0
  3500/7200  206s  errors=0
  4000/7200  242s  errors=0
  4500/7200  281s  errors=0
  5000/7200  299s  errors=0
  5500/7200  340s  errors=0
  6000/7200  373s  errors=0
  6500/7200  394s  errors=0
  7000/7200  438s  errors=0
  7200/7200  461s  errors=0
code fingerprint 4f08f48ac35c: 7200 units in 80 cells
cell                        DF |  HADS mk       $  miss | Burst mk%     $%  miss |  R mk%     $%  miss | dom runs
sc1 n=50*                 0.25 |      334   0.095   0.0 |     -26.8   -2.3   0.0 |  -29.4   -2.0   0.0 |  N  30
sc1 n=50*                 0.50 |      334   0.095   0.0 |     -26.8   -2.3   0.0 |  -29.4   -2.0   0.0 |  N  30
sc1 n=50                  1.00 |      487   0.041   0.0 |      +2.3  +69.0   0.0 |  -37.9  +33.4   0.0 |  Y  30
sc1 n=50                  2.00 |     1026   0.040   0.0 |     -42.9 +124.0   0.0 |  -72.2  +43.8   0.0 |  Y  30
sc1 n=100*                0.25 |      338   0.193   0.0 |      -4.1   +3.7   0.0 |   -4.6   +4.7   0.0 |  N  28
sc1 n=100                 0.50 |      578   0.112   0.0 |      -5.9  +27.4   0.0 |  -18.2  +14.7   0.0 |  Y  30
sc1 n=100                 1.00 |     1134   0.084   0.0 |     -21.4  +39.8   0.0 |  -50.4  +19.4   0.0 |  Y  30
sc1 n=100                 2.00 |     2257   0.082   0.0 |     -60.7  +67.2   0.0 |  -77.7  +26.5   0.0 |  Y  30
sc1 n=200                 0.25 |      597   0.283   0.0 |      -2.7  +14.8   0.0 |   -4.9  +13.0   0.0 |  Y  30
sc1 n=200                 0.50 |     1177   0.178   0.0 |      -2.7  +27.6   0.0 |   -6.3  +17.0   0.0 |  Y  30
sc1 n=200                 1.00 |     2352   0.175   0.0 |     -33.5  +26.8   0.0 |  -50.0  +11.6   0.0 |  Y  30
sc1 n=200                 2.00 |     4640   0.159   0.0 |     -69.0  +51.6   0.0 |  -75.0  +30.9   0.0 |  Y  30
sc1 n=300                 0.25 |      896   0.391   0.0 |      -1.5  +18.2   0.0 |   -2.2  +16.2   0.0 |  Y  30
sc1 n=300                 0.50 |     1784   0.268   0.0 |      -3.3  +23.8   0.0 |   -7.5  +13.0   0.1 |  Y  30
sc1 n=300                 1.00 |     3556   0.260   0.0 |     -40.1  +15.0   0.0 |  -50.8  +18.6   0.0 |  N  30
sc1 n=300                 2.00 |     7023   0.231   0.0 |     -71.5  +43.1   0.0 |  -77.1  +43.6   0.0 |  N  30
sc2 n=50*                 0.25 |      335   0.094   0.0 |      -8.5   +7.6   0.0 |  -12.4   +2.8   0.0 |  Y  30
sc2 n=50*                 0.50 |      335   0.094   0.0 |      -8.5   +7.6   0.0 |  -12.4   +2.8   0.0 |  Y  30
sc2 n=50                  1.00 |      593   0.061   0.0 |      -7.2  +30.8   0.0 |   -7.0  +35.4   0.1 |  N  30
sc2 n=50                  2.00 |     1182   0.067   0.0 |     -23.6  +29.0   0.0 |  -52.8   +5.2   0.0 |  Y  30
sc2 n=100*                0.25 |      338   0.191   0.0 |      +0.2   -0.4   0.0 |   +0.1   -0.3   0.0 |  N  28
sc2 n=100                 0.50 |      597   0.137   0.0 |      -1.5  +30.0   0.0 |   -0.8  +31.5   0.3 |  N  30
sc2 n=100                 1.00 |     1194   0.130   0.0 |      -5.5  +23.3   0.0 |   -6.1  +32.7   0.2 |  N  30
sc2 n=100                 2.00 |     2388   0.130   0.0 |     -37.4  +19.6   0.0 |  -50.8  +12.8   0.0 |  Y  30
sc2 n=200                 0.25 |      598   0.305   0.0 |      -0.3  +16.7   0.0 |   -0.3  +14.2   0.0 |  Y  30
sc2 n=200                 0.50 |     1195   0.266   0.0 |      -1.2  +22.0   0.0 |   +0.1  +29.7   0.4 |  N  30
sc2 n=200                 1.00 |     2390   0.265   0.0 |      -4.3  +23.9   0.0 |   -6.5  +28.9   0.2 |  N  30
sc2 n=200                 2.00 |     4781   0.252   0.0 |     -42.9  +18.8   0.0 |  -58.2   +5.0   0.0 |  Y  30
sc2 n=300                 0.25 |      897   0.450   0.0 |      -0.2  +17.2   0.0 |   -0.2  +15.6   0.0 |  N  30
sc2 n=300                 0.50 |     1794   0.395   0.0 |      -1.7  +22.7   0.0 |   -0.1  +30.5   0.3 |  N  30
sc2 n=300                 1.00 |     3588   0.393   0.0 |      -5.3  +22.6   0.0 |   -7.8  +27.7   0.2 |  N  30
sc2 n=300                 2.00 |     7173   0.376   0.0 |     -47.7  +11.6   0.0 |  -57.2   +7.0   0.0 |  Y  30
sc3 n=50*                 0.25 |      326   0.103   0.0 |     -27.9   -9.0   0.0 |  -31.6   -9.9   0.0 |  Y  30
sc3 n=50*                 0.50 |      326   0.103   0.0 |     -27.9   -9.0   0.0 |  -31.6   -9.9   0.0 |  Y  30
sc3 n=50                  1.00 |      414   0.043   0.0 |     +18.6  +86.6   0.0 |  -30.7  +30.7   0.0 |  Y  30
sc3 n=50                  2.00 |      872   0.054   0.0 |     -38.8  +68.7   0.0 |  -67.1   +7.9   0.0 |  Y  30
sc3 n=100*                0.25 |      336   0.204   0.0 |      -5.0   +0.7   0.0 |   -5.4   +2.3   0.0 |  N  28
sc3 n=100                 0.50 |      503   0.108   0.0 |      +0.5  +32.5   0.0 |  -11.9  +21.7   0.0 |  Y  30
sc3 n=100                 1.00 |     1009   0.092   0.0 |     -15.0  +45.7   0.0 |  -48.5   +9.2   0.0 |  Y  30
sc3 n=100                 2.00 |     2041   0.112   0.0 |     -59.6  +22.3   0.0 |  -74.9   -5.1   0.0 |  Y  30
sc3 n=200                 0.25 |      594   0.296   0.0 |      -5.2  +10.6   0.0 |   -7.1  +10.8   0.0 |  N  30
sc3 n=200                 0.50 |     1058   0.166   0.0 |      +0.1  +29.0   0.0 |   -2.9  +20.5   0.0 |  Y  30
sc3 n=200                 1.00 |     2228   0.194   0.0 |     -40.6   +9.7   0.0 |  -50.8   +1.6   0.0 |  Y  30
sc3 n=200                 2.00 |     4302   0.203   0.0 |     -67.5  +16.5   0.0 |  -73.3   +4.3   0.0 |  Y  30
sc3 n=300                 0.25 |      895   0.404   0.0 |      -3.4  +15.1   0.0 |   -2.5  +17.3   0.0 |  N  30
sc3 n=300                 0.50 |     1680   0.249   0.0 |      -2.8  +26.2   0.0 |   -4.8  +24.0   0.0 |  Y  30
sc3 n=300                 1.00 |     3446   0.279   0.0 |     -42.1  +11.2   0.0 |  -51.1  +14.8   0.0 |  N  30
sc3 n=300                 2.00 |     6641   0.284   0.0 |     -70.9  +15.8   0.0 |  -75.7  +18.4   0.0 |  N  30
sc4 n=50*                 0.25 |      322   0.103   0.0 |     -10.1   +0.2   0.0 |  -17.8   -5.2   0.0 |  Y  30
sc4 n=50*                 0.50 |      322   0.103   0.0 |     -10.1   +0.2   0.0 |  -17.8   -5.2   0.0 |  Y  30
sc4 n=50                  1.00 |      431   0.051   0.0 |     +16.7  +52.1   0.0 |   +6.2  +42.9   0.0 |  Y  30
sc4 n=50                  2.00 |      741   0.061   0.0 |     +13.8  +82.2   0.0 |  -29.7  +32.3   0.0 |  Y  30
sc4 n=100*                0.25 |      336   0.206   0.0 |      -1.4   -2.6   0.0 |   -1.4   -1.8   0.0 |  N  28
sc4 n=100                 0.50 |      550   0.128   0.0 |      -2.1  +29.0   0.0 |   +4.2  +38.8   0.1 |  N  30
sc4 n=100                 1.00 |      959   0.121   0.0 |      +3.0  +15.9   0.0 |   -6.0  +17.2   0.1 |  N  30
sc4 n=100                 2.00 |     1687   0.143   0.0 |     -25.1  +13.9   0.0 |  -45.8   +0.5   0.0 |  Y  30
sc4 n=200                 0.25 |      595   0.307   0.0 |      -2.8  +13.0   0.0 |   -1.2  +12.7   0.0 |  N  30
sc4 n=200                 0.50 |     1105   0.231   0.0 |      -1.5  +21.8   0.0 |   +7.9  +39.5   0.4 |  N  30
sc4 n=200                 1.00 |     2156   0.270   0.0 |     -18.5  -11.5   0.0 |  -21.8   -6.1   0.1 |  N  30
sc4 n=200                 2.00 |     4133   0.307   0.0 |     -56.6  -18.8   0.0 |  -63.9  -22.5   0.0 |  Y  30
sc4 n=300                 0.25 |      894   0.440   0.0 |      -2.5  +14.4   0.0 |   -0.7  +15.4   0.0 |  N  30
sc4 n=300                 0.50 |     1725   0.360   0.0 |      -3.6  +18.5   0.0 |   +3.7  +28.5   0.5 |  N  30
sc4 n=300                 1.00 |     3458   0.419   0.0 |     -27.5  -20.9   0.0 |  -31.8  -16.2   0.0 |  N  30
sc4 n=300                 2.00 |     6750   0.439   0.0 |     -63.1  -20.6   0.0 |  -67.7  -19.9   0.0 |  N  30
sc5 n=50*                 0.25 |      326   0.102   0.0 |     -13.3   +0.2   0.0 |  -19.2   -3.3   0.0 |  Y  30
sc5 n=50*                 0.50 |      326   0.102   0.0 |     -13.3   +0.2   0.0 |  -19.2   -3.3   0.0 |  Y  30
sc5 n=50                  1.00 |      475   0.053   0.0 |      +5.2  +40.1   0.0 |   -9.7  +30.9   0.0 |  Y  30
sc5 n=50                  2.00 |      847   0.062   0.0 |      -4.6  +71.4   0.0 |  -51.8   +2.8   0.0 |  Y  30
sc5 n=100*                0.25 |      337   0.202   0.0 |      -2.2   -1.6   0.0 |   -2.5   -0.3   0.0 |  N  28
sc5 n=100                 0.50 |      570   0.127   0.0 |      -4.7  +27.8   0.0 |   -3.8  +27.4   0.1 |  N  30
sc5 n=100                 1.00 |     1041   0.117   0.0 |      -1.6  +17.7   0.0 |  -15.4  +14.3   0.0 |  Y  30
sc5 n=100                 2.00 |     1936   0.141   0.0 |     -38.9   +9.2   0.0 |  -61.4  -13.7   0.0 |  Y  30
sc5 n=200                 0.25 |      596   0.302   0.0 |      -2.9  +13.1   0.0 |   -2.2  +13.0   0.0 |  N  30
sc5 n=200                 0.50 |     1158   0.229   0.0 |      -3.0  +20.8   0.0 |   +1.9  +30.5   0.0 |  N  30
sc5 n=200                 1.00 |     2277   0.255   0.0 |     -18.7   -3.7   0.0 |  -27.7   -5.1   0.0 |  Y  30
sc5 n=200                 2.00 |     4440   0.278   0.0 |     -61.1  -11.9   0.0 |  -69.3  -21.0   0.0 |  Y  30
sc5 n=300                 0.25 |      896   0.430   0.0 |      -1.6  +16.1   0.0 |   -1.3  +15.0   0.0 |  N  30
sc5 n=300                 0.50 |     1765   0.356   0.0 |      -3.8  +16.3   0.0 |   +0.7  +21.4   0.5 |  N  30
sc5 n=300                 1.00 |     3505   0.376   0.0 |     -26.9  -10.5   0.0 |  -37.2   -9.5   0.0 |  N  30
sc5 n=300                 2.00 |     6872   0.403   0.0 |     -64.7  -14.5   0.0 |  -71.2  -17.1   0.0 |  Y  30
(* = D set by min_feasible_deadline floor)
infeasible runs (no primary schedule within D and the instance limits): {'hads': 10, 'burst': 0, 'rburst': 0}
[WARNING] 5 cells below 30 seeds: [('sc1', 100, 0.25, 28), ('sc2', 100, 0.25, 28), ('sc3', 100, 0.25, 28), ('sc4', 100, 0.25, 28), ('sc5', 100, 0.25, 28)]
wrote sweep_summary_4f08f48ac35c.json
