running 7200 of 7200 units on 20 workers -> sweep_raw_d40a1c917c63.jsonl
  500/7200  36s  errors=0
  1000/7200  105s  errors=0
  1500/7200  216s  errors=0
  2000/7200  255s  errors=0
  2500/7200  334s  errors=0
  3000/7200  436s  errors=0
  3500/7200  479s  errors=0
  4000/7200  569s  errors=0
  4500/7200  665s  errors=0
  5000/7200  716s  errors=0
  5500/7200  811s  errors=0
  6000/7200  889s  errors=0
  6500/7200  939s  errors=0
  7000/7200  1043s  errors=0
  7200/7200  1100s  errors=0
code fingerprint d40a1c917c63: 7200 units in 80 cells
cell                        DF |  HADS mk       $  miss | Burst mk%     $%  miss |  R mk%     $%  miss | dom runs
sc1 n=50*                 0.25 |      334   0.095   0.0 |     -26.4   -1.7   0.0 |  -30.1   -2.9   0.0 |  Y  30
sc1 n=50*                 0.50 |      334   0.095   0.0 |     -26.4   -1.7   0.0 |  -30.1   -2.9   0.0 |  Y  30
sc1 n=50                  1.00 |      488   0.041   0.0 |      +3.4  +68.8   0.0 |  -36.6  +33.0   0.0 |  Y  30
sc1 n=50                  2.00 |     1031   0.041   0.0 |     -46.0 +111.8   0.0 |  -72.1  +41.9   0.0 |  Y  30
sc1 n=100*                0.25 |      338   0.193   0.0 |      -3.6   +4.2   0.0 |   -4.8   +4.5   0.0 |  N  28
sc1 n=100                 0.50 |      582   0.113   0.0 |      -6.9  +26.3   0.0 |  -18.2  +15.1   0.0 |  Y  30
sc1 n=100                 1.00 |     1140   0.085   0.0 |     -23.7  +36.8   0.0 |  -49.1  +19.2   0.0 |  Y  30
sc1 n=100                 2.00 |     2253   0.082   0.0 |     -60.5  +67.4   0.0 |  -78.0  +26.2   0.0 |  Y  30
sc1 n=200                 0.25 |      597   0.284   0.0 |      -2.6  +15.3   0.0 |   -4.2  +13.8   0.0 |  Y  30
sc1 n=200                 0.50 |     1177   0.180   0.0 |      -2.0  +28.3   0.0 |   -6.0  +18.0   0.0 |  Y  30
sc1 n=200                 1.00 |     2353   0.175   0.0 |     -34.5  +25.2   0.0 |  -49.6  +11.9   0.0 |  Y  30
sc1 n=200                 2.00 |     4640   0.159   0.0 |     -68.9  +51.5   0.0 |  -74.8  +32.0   0.0 |  Y  30
sc1 n=300                 0.25 |      896   0.391   0.0 |      -1.3  +18.5   0.0 |   -2.1  +16.3   0.0 |  Y  30
sc1 n=300                 0.50 |     1784   0.268   0.0 |      -3.5  +24.1   0.0 |   -8.0  +13.3   0.0 |  Y  30
sc1 n=300                 1.00 |     3556   0.261   0.0 |     -39.4  +16.1   0.0 |  -51.1  +17.9   0.0 |  N  30
sc1 n=300                 2.00 |     7022   0.231   0.0 |     -71.7  +42.8   0.0 |  -77.0  +44.5   0.0 |  N  30
sc2 n=50*                 0.25 |      334   0.093   0.0 |      -8.1   +9.3   0.0 |  -10.7   +5.8   0.0 |  Y  30
sc2 n=50*                 0.50 |      334   0.093   0.0 |      -8.1   +9.3   0.0 |  -10.7   +5.8   0.0 |  Y  30
sc2 n=50                  1.00 |      595   0.062   0.0 |      -6.6  +30.9   0.0 |   -4.7  +44.4   0.0 |  N  30
sc2 n=50                  2.00 |     1180   0.068   0.0 |     -23.0  +30.8   0.0 |  -49.8  +10.5   0.0 |  Y  30
sc2 n=100*                0.25 |      338   0.191   0.0 |      +0.3   -0.1   0.0 |   +0.2   +0.5   0.0 |  N  28
sc2 n=100                 0.50 |      597   0.138   0.0 |      -1.6  +29.7   0.0 |   -1.3  +32.4   0.0 |  N  30
sc2 n=100                 1.00 |     1193   0.131   0.0 |      -6.7  +23.6   0.0 |   -4.7  +34.6   0.0 |  N  30
sc2 n=100                 2.00 |     2388   0.130   0.0 |     -35.4  +22.5   0.0 |  -49.2  +15.0   0.0 |  Y  30
sc2 n=200                 0.25 |      598   0.308   0.0 |      -0.2  +16.0   0.0 |   -0.3  +15.3   0.0 |  Y  30
sc2 n=200                 0.50 |     1195   0.267   0.0 |      -1.2  +22.9   0.0 |   -0.6  +30.1   0.0 |  N  30
sc2 n=200                 1.00 |     2390   0.266   0.0 |      -5.2  +23.0   0.0 |   -6.1  +30.8   0.0 |  N  30
sc2 n=200                 2.00 |     4782   0.252   0.0 |     -42.3  +19.7   0.0 |  -55.3  +12.0   0.0 |  Y  30
sc2 n=300                 0.25 |      897   0.452   0.0 |      -0.2  +16.9   0.0 |   -0.2  +16.0   0.0 |  N  30
sc2 n=300                 0.50 |     1794   0.399   0.0 |      -2.0  +21.5   0.0 |   -0.4  +30.0   0.0 |  N  30
sc2 n=300                 1.00 |     3588   0.393   0.0 |      -4.3  +24.2   0.0 |   -8.0  +28.1   0.0 |  N  30
sc2 n=300                 2.00 |     7175   0.376   0.0 |     -46.3  +13.8   0.0 |  -57.0   +8.1   0.0 |  Y  30
sc3 n=50*                 0.25 |      326   0.103   0.0 |     -28.4   -9.3   0.0 |  -30.6   -8.7   0.0 |  N  30
sc3 n=50*                 0.50 |      326   0.103   0.0 |     -28.4   -9.3   0.0 |  -30.6   -8.7   0.0 |  N  30
sc3 n=50                  1.00 |      415   0.043   0.0 |     +14.8  +79.3   0.0 |  -29.4  +32.2   0.0 |  Y  30
sc3 n=50                  2.00 |      875   0.054   0.0 |     -40.1  +63.3   0.0 |  -67.0   +8.0   0.0 |  Y  30
sc3 n=100*                0.25 |      336   0.204   0.0 |      -4.6   +1.1   0.0 |   -5.6   +2.1   0.0 |  N  28
sc3 n=100                 0.50 |      506   0.110   0.0 |      +0.9  +31.5   0.0 |  -12.4  +19.6   0.0 |  Y  30
sc3 n=100                 1.00 |     1012   0.092   0.0 |     -16.1  +44.4   0.0 |  -48.3  +10.1   0.0 |  Y  30
sc3 n=100                 2.00 |     2039   0.113   0.0 |     -58.8  +23.4   0.0 |  -74.4   -3.5   0.0 |  Y  30
sc3 n=200                 0.25 |      595   0.296   0.0 |      -5.0  +10.8   0.0 |   -6.7  +11.3   0.0 |  N  30
sc3 n=200                 0.50 |     1058   0.166   0.0 |      +1.9  +31.5   0.0 |   -3.2  +20.3   0.0 |  Y  30
sc3 n=200                 1.00 |     2234   0.195   0.0 |     -38.1  +13.4   0.0 |  -51.0   +1.7   0.0 |  Y  30
sc3 n=200                 2.00 |     4296   0.203   0.0 |     -67.4  +16.8   0.0 |  -73.3   +4.4   0.0 |  Y  30
sc3 n=300                 0.25 |      895   0.404   0.0 |      -2.7  +16.0   0.0 |   -2.8  +16.9   0.0 |  N  30
sc3 n=300                 0.50 |     1682   0.251   0.0 |      -4.2  +23.9   0.0 |   -2.2  +27.6   0.0 |  N  30
sc3 n=300                 1.00 |     3449   0.279   0.0 |     -42.3  +10.5   0.0 |  -51.8  +13.7   0.0 |  N  30
sc3 n=300                 2.00 |     6642   0.284   0.0 |     -70.7  +15.9   0.0 |  -75.5  +18.9   0.0 |  N  30
sc4 n=50*                 0.25 |      323   0.104   0.0 |     -10.8   -0.7   0.0 |  -16.7   -4.0   0.0 |  Y  30
sc4 n=50*                 0.50 |      323   0.104   0.0 |     -10.8   -0.7   0.0 |  -16.7   -4.0   0.0 |  Y  30
sc4 n=50                  1.00 |      440   0.053   0.0 |     +16.6  +50.0   0.0 |   +7.5  +49.4   0.0 |  Y  30
sc4 n=50                  2.00 |      747   0.062   0.0 |     +13.4  +80.7   0.0 |  -37.1  +20.6   0.0 |  Y  30
sc4 n=100*                0.25 |      336   0.206   0.0 |      -1.0   -2.3   0.0 |   -1.3   -1.5   0.0 |  N  28
sc4 n=100                 0.50 |      557   0.133   0.0 |      -2.2  +26.4   0.0 |   +3.5  +37.8   0.0 |  N  30
sc4 n=100                 1.00 |      961   0.122   0.0 |      +3.8  +17.3   0.0 |   -3.1  +21.5   0.0 |  N  30
sc4 n=100                 2.00 |     1693   0.144   0.0 |     -26.5  +13.1   0.0 |  -45.1   +0.7   0.0 |  Y  30
sc4 n=200                 0.25 |      596   0.309   0.0 |      -2.2  +14.0   0.0 |   -1.0  +13.9   0.0 |  N  30
sc4 n=200                 0.50 |     1104   0.234   0.0 |      -0.3  +22.0   0.0 |   +7.5  +39.1   0.0 |  N  30
sc4 n=200                 1.00 |     2156   0.273   0.0 |     -16.2  -10.2   0.0 |  -21.6   -6.4   0.0 |  N  30
sc4 n=200                 2.00 |     4120   0.308   0.0 |     -55.1  -17.1   0.0 |  -64.1  -23.4   0.0 |  Y  30
sc4 n=300                 0.25 |      895   0.444   0.0 |      -2.4  +13.9   0.0 |   -0.7  +16.4   0.0 |  N  30
sc4 n=300                 0.50 |     1741   0.369   0.0 |      -4.9  +15.2   0.0 |   +2.4  +28.4   0.0 |  N  30
sc4 n=300                 1.00 |     3455   0.419   0.0 |     -28.7  -20.6   0.0 |  -33.8  -18.0   0.0 |  N  30
sc4 n=300                 2.00 |     6753   0.440   0.0 |     -63.1  -20.8   0.0 |  -67.7  -20.0   0.0 |  N  30
sc5 n=50*                 0.25 |      326   0.102   0.0 |     -11.8   +2.1   0.0 |  -19.2   -3.7   0.0 |  Y  30
sc5 n=50*                 0.50 |      326   0.102   0.0 |     -11.8   +2.1   0.0 |  -19.2   -3.7   0.0 |  Y  30
sc5 n=50                  1.00 |      468   0.053   0.0 |     +11.5  +49.9   0.0 |   -3.4  +40.5   0.0 |  Y  30
sc5 n=50                  2.00 |      852   0.063   0.0 |      -1.3  +76.2   0.0 |  -47.5  +11.0   0.0 |  Y  30
sc5 n=100*                0.25 |      337   0.202   0.0 |      -2.0   -1.2   0.0 |   -2.6   -0.2   0.0 |  N  28
sc5 n=100                 0.50 |      570   0.129   0.0 |      -5.3  +25.9   0.0 |   -2.8  +29.3   0.0 |  N  30
sc5 n=100                 1.00 |     1051   0.120   0.0 |      -2.1  +15.9   0.0 |  -18.7   +9.6   0.0 |  Y  30
sc5 n=100                 2.00 |     1943   0.142   0.0 |     -39.2   +7.9   0.0 |  -60.9  -13.3   0.0 |  Y  30
sc5 n=200                 0.25 |      596   0.302   0.0 |      -2.9  +13.9   0.0 |   -1.5  +15.3   0.0 |  N  30
sc5 n=200                 0.50 |     1156   0.233   0.0 |      -4.3  +18.5   0.0 |   +2.6  +30.9   0.0 |  N  30
sc5 n=200                 1.00 |     2274   0.255   0.0 |     -23.2   -6.4   0.0 |  -28.5   -5.7   0.0 |  N  30
sc5 n=200                 2.00 |     4443   0.278   0.0 |     -61.7  -12.3   0.0 |  -69.1  -20.8   0.0 |  Y  30
sc5 n=300                 0.25 |      896   0.434   0.0 |      -1.5  +15.1   0.0 |   -1.4  +14.5   0.0 |  N  30
sc5 n=300                 0.50 |     1770   0.359   0.0 |      -4.2  +15.2   0.0 |   -0.5  +21.0   0.0 |  N  30
sc5 n=300                 1.00 |     3505   0.377   0.0 |     -27.3  -10.3   0.0 |  -35.9   -9.2   0.0 |  N  30
sc5 n=300                 2.00 |     6870   0.402   0.0 |     -64.9  -14.8   0.0 |  -71.7  -17.7   0.0 |  Y  30
(* = D set by min_feasible_deadline floor)
infeasible runs (no primary schedule within D and the instance limits): {'hads': 10, 'burst': 0, 'rburst': 0}
[WARNING] 5 cells below 30 seeds: [('sc1', 100, 0.25, 28), ('sc2', 100, 0.25, 28), ('sc3', 100, 0.25, 28), ('sc4', 100, 0.25, 28), ('sc5', 100, 0.25, 28)]
wrote sweep_summary_d40a1c917c63.json
