running 7200 of 7200 units on 20 workers -> sweep_raw_2439a00d7f74.jsonl
  500/7200  18s  errors=0
  1000/7200  55s  errors=0
  1500/7200  111s  errors=0
  2000/7200  131s  errors=0
  2500/7200  168s  errors=0
  3000/7200  220s  errors=0
  3500/7200  241s  errors=0
  4000/7200  284s  errors=0
  4500/7200  329s  errors=0
  5000/7200  350s  errors=0
  5500/7200  399s  errors=0
  6000/7200  439s  errors=0
  6500/7200  463s  errors=0
  7000/7200  515s  errors=0
  7200/7200  543s  errors=0
code fingerprint 2439a00d7f74: 7200 units in 80 cells
cell                        DF |  HADS mk       $  miss | Burst mk%     $%  miss |  R mk%     $%  miss | dom runs
sc1 n=50*                 0.25 |      335   0.106   0.0 |     -26.3   -4.8   0.0 |  -27.7   -3.0   0.0 |  N  30
sc1 n=50*                 0.50 |      335   0.106   0.0 |     -26.3   -4.8   0.0 |  -27.7   -3.0   0.0 |  N  30
sc1 n=50                  1.00 |      491   0.042   0.0 |      +1.1  +62.1   0.0 |  -37.0  +30.3   0.0 |  Y  30
sc1 n=50                  2.00 |     1035   0.041   0.0 |     -43.7 +118.9   0.0 |  -72.2  +41.4   0.0 |  Y  30
sc1 n=100*                0.25 |      339   0.210   0.0 |      -2.8   +9.3   0.0 |   -3.2   +9.9   0.0 |  N  8
sc1 n=100                 0.50 |      581   0.115   0.0 |      -5.0  +26.3   0.0 |  -13.6  +18.7   0.0 |  Y  30
sc1 n=100                 1.00 |     1143   0.087   0.0 |     -23.3  +35.5   0.0 |  -49.1  +17.4   0.0 |  Y  30
sc1 n=100                 2.00 |     2256   0.082   0.0 |     -62.2  +60.2   0.0 |  -77.3  +28.1   0.0 |  Y  30
sc1 n=200                 0.25 |      596   0.297   0.0 |      -1.7  +14.3   0.0 |   -3.8  +12.4   0.0 |  Y  30
sc1 n=200                 0.50 |     1177   0.183   0.0 |      -2.1  +28.0   0.0 |   -7.3  +16.7   0.0 |  Y  30
sc1 n=200                 1.00 |     2357   0.177   0.0 |     -33.7  +25.4   0.0 |  -49.7  +10.5   0.0 |  Y  30
sc1 n=200                 2.00 |     4640   0.160   0.0 |     -68.5  +51.5   0.0 |  -76.0  +29.2   0.0 |  Y  30
sc1 n=300                 0.25 |      896   0.398   0.0 |      -1.3  +18.6   0.0 |   -1.5  +17.2   0.0 |  Y  30
sc1 n=300                 0.50 |     1784   0.272   0.0 |      -3.7  +23.3   0.0 |   -7.5  +12.3   0.0 |  Y  30
sc1 n=300                 1.00 |     3552   0.265   0.0 |     -40.0  +13.4   0.0 |  -53.2  +11.4   0.0 |  Y  30
sc1 n=300                 2.00 |     7022   0.232   0.0 |     -72.4  +40.5   0.0 |  -77.5  +39.8   0.0 |  Y  30
sc2 n=50*                 0.25 |      336   0.104   0.0 |      -6.8   +7.1   0.0 |   -9.3   +5.3   0.0 |  Y  30
sc2 n=50*                 0.50 |      336   0.104   0.0 |      -6.8   +7.1   0.0 |   -9.3   +5.3   0.0 |  Y  30
sc2 n=50                  1.00 |      594   0.068   0.0 |      -4.2  +28.5   0.0 |   -4.9  +35.1   0.0 |  N  30
sc2 n=50                  2.00 |     1184   0.069   0.0 |     -21.4  +31.2   0.0 |  -49.7   +9.3   0.0 |  Y  30
sc2 n=100*                0.25 |      339   0.207   0.0 |      -0.1   +5.9   0.0 |   -0.4   +5.9   0.0 |  N  8
sc2 n=100                 0.50 |      597   0.145   0.0 |      -1.4  +29.0   0.0 |   -0.8  +29.9   0.0 |  N  30
sc2 n=100                 1.00 |     1194   0.142   0.0 |      -4.8  +18.1   0.0 |   -4.4  +26.9   0.0 |  N  30
sc2 n=100                 2.00 |     2385   0.134   0.0 |     -36.3  +17.6   0.0 |  -53.9   +5.2   0.0 |  Y  30
sc2 n=200                 0.25 |      598   0.332   0.0 |      -0.3  +14.4   0.0 |   -0.2  +13.2   0.0 |  N  30
sc2 n=200                 0.50 |     1196   0.275   0.0 |      -1.0  +21.9   0.0 |   -0.5  +31.4   0.0 |  N  30
sc2 n=200                 1.00 |     2390   0.278   0.0 |      -4.4  +20.8   0.0 |   -6.6  +25.6   0.0 |  N  30
sc2 n=200                 2.00 |     4783   0.256   0.0 |     -45.2  +14.3   0.0 |  -55.9   +9.7   0.0 |  Y  30
sc2 n=300                 0.25 |      897   0.477   0.0 |      -0.2  +15.8   0.0 |   -0.2  +13.7   0.0 |  Y  30
sc2 n=300                 0.50 |     1793   0.406   0.0 |      -1.6  +21.8   0.0 |   -0.3  +31.0   0.0 |  N  30
sc2 n=300                 1.00 |     3588   0.399   0.0 |      -4.8  +24.3   0.0 |   -7.7  +26.3   0.0 |  N  30
sc2 n=300                 2.00 |     7175   0.378   0.0 |     -45.1  +14.0   0.0 |  -56.5   +7.7   0.0 |  Y  30
sc3 n=50*                 0.25 |      330   0.116   0.0 |     -25.4   -7.7   0.0 |  -26.2   -5.5   0.0 |  N  30
sc3 n=50*                 0.50 |      330   0.116   0.0 |     -25.4   -7.7   0.0 |  -26.2   -5.5   0.0 |  N  30
sc3 n=50                  1.00 |      418   0.043   0.0 |     +10.6  +72.3   0.0 |  -29.8  +31.4   0.0 |  Y  30
sc3 n=50                  2.00 |      883   0.055   0.0 |     -38.4  +66.6   0.0 |  -67.3   +6.5   0.0 |  Y  30
sc3 n=100*                0.25 |      337   0.222   0.0 |      -2.7   +6.3   0.0 |   -3.5   +6.6   0.0 |  N  8
sc3 n=100                 0.50 |      517   0.113   0.0 |      +3.0  +32.8   0.0 |   -6.0  +27.4   0.0 |  Y  30
sc3 n=100                 1.00 |     1012   0.093   0.0 |     -25.0  +30.7   0.0 |  -44.8  +16.7   0.0 |  Y  30
sc3 n=100                 2.00 |     2044   0.114   0.0 |     -62.7  +13.8   0.0 |  -74.2   -4.4   0.0 |  Y  30
sc3 n=200                 0.25 |      595   0.311   0.0 |      -3.8  +11.0   0.0 |   -6.1   +9.3   0.0 |  Y  30
sc3 n=200                 0.50 |     1068   0.168   0.0 |      +0.9  +31.4   0.0 |   -3.9  +20.1   0.0 |  Y  30
sc3 n=200                 1.00 |     2235   0.195   0.0 |     -38.3  +13.0   0.0 |  -51.0   +0.7   0.0 |  Y  30
sc3 n=200                 2.00 |     4302   0.203   0.0 |     -66.6  +20.3   0.0 |  -74.5   +1.8   0.0 |  Y  30
sc3 n=300                 0.25 |      894   0.416   0.0 |      -2.9  +14.8   0.0 |   -3.3  +14.3   0.0 |  Y  30
sc3 n=300                 0.50 |     1685   0.255   0.0 |      -2.6  +25.4   0.0 |   -7.0  +19.9   0.0 |  Y  30
sc3 n=300                 1.00 |     3450   0.284   0.0 |     -44.4   +5.3   0.0 |  -52.6   +9.4   0.0 |  N  30
sc3 n=300                 2.00 |     6653   0.285   0.0 |     -69.9  +16.9   0.0 |  -75.9  +16.9   0.0 |  N  30
sc4 n=50*                 0.25 |      327   0.116   0.0 |     -16.0   -8.0   0.0 |  -20.0   -9.6   0.0 |  Y  30
sc4 n=50*                 0.50 |      327   0.116   0.0 |     -16.0   -8.0   0.0 |  -20.0   -9.6   0.0 |  Y  30
sc4 n=50                  1.00 |      446   0.057   0.0 |     +10.7  +39.4   0.0 |   +5.9  +41.6   0.0 |  N  30
sc4 n=50                  2.00 |      755   0.063   0.0 |     +16.0  +84.5   0.0 |  -38.4  +17.7   0.0 |  Y  30
sc4 n=100*                0.25 |      335   0.222   0.0 |      +0.9   +5.5   0.1 |   +0.9   +6.0   0.1 |  N  8
sc4 n=100                 0.50 |      560   0.138   0.0 |      -0.5  +28.1   0.0 |   +2.7  +33.5   0.0 |  N  30
sc4 n=100                 1.00 |      978   0.129   0.0 |      +0.4   +9.3   0.0 |   -0.6  +19.0   0.0 |  N  30
sc4 n=100                 2.00 |     1691   0.144   0.0 |     -27.0  +10.4   0.0 |  -46.0   +0.2   0.0 |  Y  30
sc4 n=200                 0.25 |      596   0.328   0.0 |      -1.8  +13.2   0.0 |   -1.0  +13.0   0.0 |  N  30
sc4 n=200                 0.50 |     1115   0.241   0.0 |      -1.3  +21.2   0.0 |   +6.5  +37.1   0.0 |  N  30
sc4 n=200                 1.00 |     2164   0.282   0.0 |     -17.9  -13.8   0.0 |  -22.9   -8.8   0.0 |  N  30
sc4 n=200                 2.00 |     4120   0.307   0.0 |     -55.2  -16.6   0.0 |  -62.1  -20.1   0.0 |  Y  30
sc4 n=300                 0.25 |      895   0.459   0.0 |      -2.6  +13.7   0.0 |   -0.6  +14.9   0.0 |  N  30
sc4 n=300                 0.50 |     1741   0.375   0.0 |      -4.6  +16.2   0.0 |   +2.4  +28.1   0.0 |  N  30
sc4 n=300                 1.00 |     3476   0.430   0.0 |     -23.1  -17.5   0.0 |  -32.9  -19.1   0.0 |  Y  30
sc4 n=300                 2.00 |     6763   0.449   0.0 |     -63.8  -23.2   0.0 |  -68.7  -23.5   0.0 |  Y  30
sc5 n=50*                 0.25 |      332   0.115   0.0 |     -17.7   -5.3   0.0 |  -21.8   -8.0   0.0 |  Y  30
sc5 n=50*                 0.50 |      332   0.115   0.0 |     -17.7   -5.3   0.0 |  -21.8   -8.0   0.0 |  Y  30
sc5 n=50                  1.00 |      486   0.057   0.0 |      +1.4  +30.7   0.0 |   -6.7  +30.3   0.0 |  Y  30
sc5 n=50                  2.00 |      865   0.064   0.0 |      -8.4  +62.8   0.0 |  -48.2   +8.9   0.0 |  Y  30
sc5 n=100*                0.25 |      337   0.222   0.0 |      +0.0   +4.1   0.1 |   -0.2   +4.4   0.1 |  N  8
sc5 n=100                 0.50 |      572   0.134   0.0 |      -3.1  +26.1   0.0 |   -1.4  +26.5   0.0 |  N  30
sc5 n=100                 1.00 |     1042   0.121   0.0 |      -8.5   +9.0   0.0 |  -20.2   +7.5   0.0 |  Y  30
sc5 n=100                 2.00 |     1958   0.144   0.0 |     -42.8   +1.6   0.0 |  -59.7  -14.3   0.0 |  Y  30
sc5 n=200                 0.25 |      596   0.322   0.0 |      -1.9  +12.6   0.0 |   -2.5  +10.7   0.0 |  Y  30
sc5 n=200                 0.50 |     1159   0.241   0.0 |      -3.8  +18.1   0.0 |   +1.9  +27.8   0.0 |  N  30
sc5 n=200                 1.00 |     2280   0.259   0.0 |     -19.1   -3.8   0.0 |  -30.1   -7.4   0.0 |  Y  30
sc5 n=200                 2.00 |     4460   0.279   0.0 |     -61.4  -11.9   0.0 |  -68.4  -19.7   0.0 |  Y  30
sc5 n=300                 0.25 |      896   0.450   0.0 |      -1.9  +14.8   0.0 |   -1.2  +12.6   0.0 |  N  30
sc5 n=300                 0.50 |     1770   0.361   0.0 |      -3.5  +17.7   0.0 |   -0.5  +21.9   0.0 |  N  30
sc5 n=300                 1.00 |     3510   0.380   0.0 |     -28.2  -11.0   0.0 |  -38.0  -11.4   0.0 |  Y  30
sc5 n=300                 2.00 |     6882   0.404   0.0 |     -64.8  -14.6   0.0 |  -71.4  -17.6   0.0 |  Y  30
(* = D set by min_feasible_deadline floor)
infeasible runs (no primary schedule within D and the instance limits): {'hads': 110, 'burst': 0, 'rburst': 0}
[WARNING] 5 cells below 30 seeds: [('sc1', 100, 0.25, 8), ('sc2', 100, 0.25, 8), ('sc3', 100, 0.25, 8), ('sc4', 100, 0.25, 8), ('sc5', 100, 0.25, 8)]
wrote sweep_summary_2439a00d7f74.json
